it/polimi/ingsw/LM34/Enums/Model/WorkingAreaType.class
it/polimi/ingsw/LM34/UI/CLI/CLI$1.class
it/polimi/ingsw/LM34/Model/Cards/LeaderCard.class
it/polimi/ingsw/LM34/Controller/InteractivePlayerContexts/SpecialContexts/LeaderCardsContext.class
it/polimi/ingsw/LM34/Model/Effects/GameSpaceRelatedBonus/TowerSlotRelatedBonus/NoMilitaryRequirementsForTerritory.class
it/polimi/ingsw/LM34/UI/GUI/GuiViews/PersonalBoardView.class
it/polimi/ingsw/LM34/Model/Cards/TerritoryCard.class
it/polimi/ingsw/LM34/Controller/InteractivePlayerContexts/SpecialContexts/FamilyMemberSelectionContext.class
it/polimi/ingsw/LM34/Model/Effects/GameSpaceRelatedBonus/FamilyMemberValueEffect.class
it/polimi/ingsw/LM34/Exceptions/Controller/CardTypeNumLimitReachedException.class
it/polimi/ingsw/LM34/GameServer$ShutdownHook.class
it/polimi/ingsw/LM34/Exceptions/Controller/NotEnoughResourcesException.class
it/polimi/ingsw/LM34/Model/Boards/GameBoard/TowerSlot.class
it/polimi/ingsw/LM34/UI/GUI/GUI$EndTurnClick.class
it/polimi/ingsw/LM34/Model/Effects/ResourceRelatedBonus/ResourcesBonus.class
it/polimi/ingsw/LM34/UI/GUI/GuiViews/PopupSlotBonus.class
it/polimi/ingsw/LM34/Model/FamilyMember.class
it/polimi/ingsw/LM34/Model/Effects/SkipFirstTurn.class
it/polimi/ingsw/LM34/UI/GUI/GuiViews/ResourceExchangeDialog.class
it/polimi/ingsw/LM34/UI/GUI/GuiViews/PopupSlotBonus$1.class
it/polimi/ingsw/LM34/Network/GameRoom$WaitingRoomTimeout.class
it/polimi/ingsw/LM34/Enums/UI/GameInformationType.class
it/polimi/ingsw/LM34/UI/GUI/GuiViews/FamilyMemberSelectDialog.class
it/polimi/ingsw/LM34/UI/GUI/GuiViews/LeaderCardsView.class
it/polimi/ingsw/LM34/Enums/Controller/LeaderCardsAction.class
it/polimi/ingsw/LM34/Model/Cards/ExcommunicationCard.class
it/polimi/ingsw/LM34/UI/GUI/GuiViews/AlternativeRequirementPaymentDialog.class
it/polimi/ingsw/LM34/UI/GUI/GuiViews/BonusTileDialog.class
it/polimi/ingsw/LM34/UI/GUI/GuiViews/GameInformationDialog.class
it/polimi/ingsw/LM34/Model/Effects/GameSpaceRelatedBonus/TowerSlotRelatedBonus/TowerSlotPenalty.class
it/polimi/ingsw/LM34/UI/GUI/GUI.class
it/polimi/ingsw/LM34/Utils/Copyable.class
it/polimi/ingsw/LM34/UI/CLI/CLI.class
it/polimi/ingsw/LM34/Controller/NonInteractiveContexts/ResourceIncomeContext.class
it/polimi/ingsw/LM34/Model/Effects/AbstractEffect.class
it/polimi/ingsw/LM34/Model/Effects/GameSpaceRelatedBonus/TowerSlotRelatedBonus/NoOccupiedTowerTax.class
it/polimi/ingsw/LM34/Model/Player.class
it/polimi/ingsw/LM34/Enums/Controller/PlayerSelectableContexts.class
it/polimi/ingsw/LM34/Controller/InteractivePlayerContexts/DiceDependentContexts/HarvestAreaContext.class
it/polimi/ingsw/LM34/Model/Effects/VictoryPointsPenalty.class
it/polimi/ingsw/LM34/Controller/InteractivePlayerContexts/SpecialContexts/IncreasePawnsValueByServantsContext.class
it/polimi/ingsw/LM34/Model/Effects/ResourceRelatedBonus/ResourcesPerItemBonus.class
it/polimi/ingsw/LM34/Network/PlayerAction.class
it/polimi/ingsw/LM34/Utils/Validator.class
it/polimi/ingsw/LM34/Model/Cards/VentureCard.class
it/polimi/ingsw/LM34/Model/Effects/GameSpaceRelatedBonus/ActionSlotLimitBypass.class
it/polimi/ingsw/LM34/Utils/Utilities.class
it/polimi/ingsw/LM34/Model/Cards/DevelopmentCardDeck.class
it/polimi/ingsw/LM34/UI/GUI/GuiViews/DisconnectionWarning.class
it/polimi/ingsw/LM34/Enums/Model/ResourceType.class
it/polimi/ingsw/LM34/Controller/ContextFactory$1.class
it/polimi/ingsw/LM34/UI/GUI/GUI$1.class
it/polimi/ingsw/LM34/Enums/Controller/ContextType.class
it/polimi/ingsw/LM34/Controller/InteractivePlayerContexts/DiceDependentContexts/MarketAreaContext.class
it/polimi/ingsw/LM34/UI/CLI/CLIStuff$1.class
it/polimi/ingsw/LM34/Enums/Model/DiceColor.class
it/polimi/ingsw/LM34/Model/Boards/PlayerBoard/BonusTile.class
it/polimi/ingsw/LM34/Controller/InteractivePlayerContexts/SpecialContexts/TurnContext.class
it/polimi/ingsw/LM34/UI/GUI/GUI$LeaderButtonClickEvent.class
it/polimi/ingsw/LM34/Model/Effects/CopyOtherLeader.class
it/polimi/ingsw/LM34/GameServer$1.class
it/polimi/ingsw/LM34/GameServer.class
it/polimi/ingsw/LM34/UI/CLI/IgnoreInput.class
it/polimi/ingsw/LM34/Utils/Configurator.class
it/polimi/ingsw/LM34/Exceptions/Model/OccupiedSlotException.class
it/polimi/ingsw/LM34/UI/UIInterface.class
it/polimi/ingsw/LM34/Controller/InteractivePlayerContexts/SpecialContexts/UseCouncilPrivilegeContext.class
it/polimi/ingsw/LM34/Controller/InteractivePlayerContexts/DiceDependentContexts/ActionSlotContext.class
it/polimi/ingsw/LM34/Model/Cards/AbstractDevelopmentCard.class
it/polimi/ingsw/LM34/Network/GameRoom.class
it/polimi/ingsw/LM34/UI/CLI/CLIStuff.class
it/polimi/ingsw/LM34/Exceptions/Validation/IncorrectInputException.class
it/polimi/ingsw/LM34/Model/Effects/GameSpaceRelatedBonus/TowerSlotRelatedBonus/DevelopmentCardAcquireEffect.class
it/polimi/ingsw/LM34/Exceptions/Controller/NoSuchContextException.class
it/polimi/ingsw/LM34/Model/Cards/BuildingCard.class
it/polimi/ingsw/LM34/Network/Server/Server.class
it/polimi/ingsw/LM34/Controller/ContextFactory.class
it/polimi/ingsw/LM34/Enums/Model/DevelopmentCardColor.class
it/polimi/ingsw/LM34/UI/GUI/GUI$WaitingAnimation.class
it/polimi/ingsw/LM34/Model/Boards/PlayerBoard/PersonalBoard$1.class
it/polimi/ingsw/LM34/GameClient.class
it/polimi/ingsw/LM34/Model/Resources.class
it/polimi/ingsw/LM34/Controller/InteractivePlayerContexts/DiceDependentContexts/TowersContext.class
it/polimi/ingsw/LM34/Network/Server/AbstractConnection.class
it/polimi/ingsw/LM34/Model/Cards/LeaderRequirements.class
it/polimi/ingsw/LM34/Model/Effects/ChurchSupportBonus.class
it/polimi/ingsw/LM34/UI/GUI/GuiViews/UseServantsDialog.class
it/polimi/ingsw/LM34/Controller/InteractivePlayerContexts/SpecialContexts/LeaderCardsContext$1.class
it/polimi/ingsw/LM34/Enums/Model/PathType.class
it/polimi/ingsw/LM34/Model/Boards/PlayerBoard/PersonalBoard.class
it/polimi/ingsw/LM34/Model/Boards/GameBoard/CouncilPalace.class
it/polimi/ingsw/LM34/Enums/UI/UIType.class
it/polimi/ingsw/LM34/Enums/UI/NetworkType.class
it/polimi/ingsw/LM34/UI/UIConnectionInfo.class
it/polimi/ingsw/LM34/Network/Server/ServerNetworkController.class
it/polimi/ingsw/LM34/UI/GUI/GuiViews/EndGameDialog$1.class
it/polimi/ingsw/LM34/Controller/InteractivePlayerContexts/DiceDependentContexts/CouncilPalaceContext.class
it/polimi/ingsw/LM34/Exceptions/Controller/NoMoreLeaderCardsAvailable.class
it/polimi/ingsw/LM34/Controller/InteractivePlayerContexts/DiceDependentContexts/ProductionAreaContext.class
it/polimi/ingsw/LM34/Exceptions/Controller/NotEnoughMilitaryPoints.class
it/polimi/ingsw/LM34/Model/Dice.class
it/polimi/ingsw/LM34/UI/GUI/GuiViews/ChurchReportDialog.class
it/polimi/ingsw/LM34/Exceptions/Controller/MarketBanException.class
it/polimi/ingsw/LM34/Model/Boards/GameBoard/GameSpace.class
it/polimi/ingsw/LM34/UI/GUI/GuiViews/EndTurnPopup.class
it/polimi/ingsw/LM34/Exceptions/Controller/NetworkConnectionException.class
it/polimi/ingsw/LM34/Enums/Model/PawnColor.class
it/polimi/ingsw/LM34/Model/Boards/GameBoard/Market.class
it/polimi/ingsw/LM34/Model/Cards/CharacterCard.class
it/polimi/ingsw/LM34/Model/Effects/GameSpaceRelatedBonus/HalveServantsValue.class
it/polimi/ingsw/LM34/Exceptions/Model/InvalidCardType.class
it/polimi/ingsw/LM34/Model/Effects/GameSpaceRelatedBonus/MarketBan.class
it/polimi/ingsw/LM34/Model/Effects/GameSpaceRelatedBonus/WorkingAreaValueEffect.class
it/polimi/ingsw/LM34/UI/GUI/GuiViews/LastActionInvalid.class
it/polimi/ingsw/LM34/UI/GUI/GUI$SlotMouseEvent.class
it/polimi/ingsw/LM34/Model/Boards/GameBoard/Tower.class
it/polimi/ingsw/LM34/Controller/InteractivePlayerContexts/SpecialContexts/ChurchReportContext.class
it/polimi/ingsw/LM34/Controller/InteractivePlayerContexts/SpecialContexts/ResourcesExchangeContext.class
it/polimi/ingsw/LM34/Network/Client/ClientNetworkController.class
it/polimi/ingsw/LM34/UI/GUI/GUI$PlayerInfoClickEvent.class
it/polimi/ingsw/LM34/UI/GUI/GuiViews/EndGameDialog.class
it/polimi/ingsw/LM34/Exceptions/Controller/InvalidLeaderCardAction.class
it/polimi/ingsw/LM34/Controller/AbstractGameContext.class
it/polimi/ingsw/LM34/UI/GUI/GuiViews/LoginDialog.class
it/polimi/ingsw/LM34/Model/Boards/GameBoard/WorkingArea.class
it/polimi/ingsw/LM34/Model/Effects/ResourceRelatedBonus/ResourcesExchangeBonus.class
it/polimi/ingsw/LM34/UI/GUI/GUI$PlacePawn.class
it/polimi/ingsw/LM34/Controller/GameManager.class
it/polimi/ingsw/LM34/Controller/NonInteractiveContexts/EndGameContext.class
it/polimi/ingsw/LM34/Network/Client/AbstractClient.class
it/polimi/ingsw/LM34/Model/Boards/GameBoard/ActionSlot.class
it/polimi/ingsw/LM34/UI/GUI/GuiViews/UseCouncilPrivilegeDialog.class
