it/polimi/ingsw/LM34/Controller/NonInteractiveContexts/EndGameContextTest.class
it/polimi/ingsw/LM34/Controller/ContextFactoryTest.class
it/polimi/ingsw/LM34/Utils/ValidatorTest.class
it/polimi/ingsw/LM34/Model/Boards/GameBoard/CouncilPalaceTest.class
it/polimi/ingsw/LM34/Model/Effects/GameSpaceRelatedBonus/TowerSlotRelatedBonus/DevelopmentCardAcquireEffectTest.class
it/polimi/ingsw/LM34/Controller/GameManagerTest.class
it/polimi/ingsw/LM34/Model/ResourcesTest.class
it/polimi/ingsw/LM34/Controller/InteractivePlayerContexts/DiceDependentContexts/HarvestAreaContextTest.class
it/polimi/ingsw/LM34/Controller/InteractivePlayerContexts/DiceDependentContexts/MarketAreaContextTest.class
it/polimi/ingsw/LM34/Controller/InteractivePlayerContexts/DiceDependentContexts/TowersContextTest.class
it/polimi/ingsw/LM34/Controller/InteractivePlayerContexts/SpecialContexts/ChurchReportContextTest.class
it/polimi/ingsw/LM34/Model/Boards/PlayerBoard/PersonalBoardTest.class
it/polimi/ingsw/LM34/Model/Effects/ResourceRelatedBonus/ResourcesPerItemBonusTest$InitializeAbstractGameContext.class
it/polimi/ingsw/LM34/Controller/InteractivePlayerContexts/SpecialContexts/TurnContextTest.class
it/polimi/ingsw/LM34/Model/Boards/GameBoard/GameSpaceTest.class
it/polimi/ingsw/LM34/Model/Boards/GameBoard/TowerSlotTest.class
it/polimi/ingsw/LM34/Model/Boards/GameBoard/TowerSlotTest$TestAbstractDevelopmentCard.class
it/polimi/ingsw/LM34/Model/FamilyMemberTest.class
it/polimi/ingsw/LM34/Model/Effects/ResourceRelatedBonus/ResourcesBonusTest.class
it/polimi/ingsw/LM34/Controller/InteractivePlayerContexts/SpecialContexts/FamilyMemberSelectionContextTest.class
it/polimi/ingsw/LM34/Controller/InteractivePlayerContexts/SpecialContexts/IncreasePawnsValueByServantsContextTest.class
it/polimi/ingsw/LM34/Controller/InteractivePlayerContexts/DiceDependentContexts/CouncilPalaceContextTest.class
it/polimi/ingsw/LM34/Model/Boards/GameBoard/MarketTest.class
it/polimi/ingsw/LM34/Controller/InteractivePlayerContexts/SpecialContexts/ResourcesExchangeContextTest.class
it/polimi/ingsw/LM34/Model/Effects/ResourceRelatedBonus/ResourcesBonusTest$InitializeAbstractGameContext.class
it/polimi/ingsw/LM34/Controller/InteractivePlayerContexts/DiceDependentContexts/ActionSlotContextTest.class
it/polimi/ingsw/LM34/Controller/InteractivePlayerContexts/SpecialContexts/UseCouncilPrivilegeContextTest.class
it/polimi/ingsw/LM34/Controller/NonInteractiveContexts/ResourceIncomeContextTest.class
it/polimi/ingsw/LM34/Model/PlayerTest.class
it/polimi/ingsw/LM34/Controller/InteractivePlayerContexts/SpecialContexts/ResourcesExchangeContextTest$1.class
it/polimi/ingsw/LM34/Model/Boards/GameBoard/GameSpaceTest$TestGameSpace.class
it/polimi/ingsw/LM34/Model/Effects/ResourceRelatedBonus/ResourcesPerItemBonusTest.class
it/polimi/ingsw/LM34/Controller/InteractivePlayerContexts/DiceDependentContexts/ProductionAreaContextTest.class
it/polimi/ingsw/LM34/Model/Boards/GameBoard/ActionSlotTest.class
it/polimi/ingsw/LM34/Controller/AbstractGameContextTest$InitializeAbstractGameContext.class
it/polimi/ingsw/LM34/Model/Boards/PlayerBoard/PersonalBoardTest$FillAbstractDevelopmentCard.class
it/polimi/ingsw/LM34/Controller/GameManagerTest$PersonalizedUI.class
it/polimi/ingsw/LM34/Controller/InteractivePlayerContexts/DiceDependentContexts/ActionSlotContextTest$InitializeAbstractGameContext.class
it/polimi/ingsw/LM34/Model/Boards/GameBoard/TowerTest.class
it/polimi/ingsw/LM34/Model/Boards/GameBoard/TowerTest$InitializeDevelopmentCard.class
it/polimi/ingsw/LM34/Controller/InteractivePlayerContexts/SpecialContexts/LeaderCardsContextTest.class
it/polimi/ingsw/LM34/Controller/AbstractGameContextTest.class
