/Users/robertodorata/Desktop/LM34/src/test/java/it/polimi/ingsw/LM34/Controller/InteractivePlayerContexts/SpecialContexts/ResourcesExchangeContextTest.java
/Users/robertodorata/Desktop/LM34/src/test/java/it/polimi/ingsw/LM34/Model/Boards/GameBoard/GameSpaceTest.java
/Users/robertodorata/Desktop/LM34/src/test/java/it/polimi/ingsw/LM34/ExceptionsTest.java
/Users/robertodorata/Desktop/LM34/src/test/java/it/polimi/ingsw/LM34/Model/PlayerTest.java
/Users/robertodorata/Desktop/LM34/src/test/java/it/polimi/ingsw/LM34/Controller/InteractivePlayerContexts/DiceDependentContexts/TowersContextTest.java
/Users/robertodorata/Desktop/LM34/src/test/java/it/polimi/ingsw/LM34/Controller/NonInteractiveContexts/EndGameContextTest.java
/Users/robertodorata/Desktop/LM34/src/test/java/it/polimi/ingsw/LM34/Model/Effects/ResourceRelatedBonus/ResourcesPerItemBonusTest.java
/Users/robertodorata/Desktop/LM34/src/test/java/it/polimi/ingsw/LM34/Model/Boards/GameBoard/CouncilPalaceTest.java
/Users/robertodorata/Desktop/LM34/src/test/java/it/polimi/ingsw/LM34/Utils/ValidatorTest.java
/Users/robertodorata/Desktop/LM34/src/test/java/it/polimi/ingsw/LM34/Controller/InteractivePlayerContexts/SpecialContexts/UseCouncilPrivilegeContextTest.java
/Users/robertodorata/Desktop/LM34/src/test/java/it/polimi/ingsw/LM34/Controller/InteractivePlayerContexts/DiceDependentContexts/MarketAreaContextTest.java
/Users/robertodorata/Desktop/LM34/src/test/java/it/polimi/ingsw/LM34/Controller/NonInteractiveContexts/ResourceIncomeContextTest.java
/Users/robertodorata/Desktop/LM34/src/test/java/it/polimi/ingsw/LM34/Model/FamilyMemberTest.java
/Users/robertodorata/Desktop/LM34/src/test/java/it/polimi/ingsw/LM34/Controller/InteractivePlayerContexts/DiceDependentContexts/HarvestAreaContextTest.java
/Users/robertodorata/Desktop/LM34/src/test/java/it/polimi/ingsw/LM34/Model/Boards/GameBoard/MarketTest.java
/Users/robertodorata/Desktop/LM34/src/test/java/it/polimi/ingsw/LM34/Model/Boards/PlayerBoard/PersonalBoardTest.java
/Users/robertodorata/Desktop/LM34/src/test/java/it/polimi/ingsw/LM34/Controller/InteractivePlayerContexts/SpecialContexts/FamilyMemberSelectionContextTest.java
/Users/robertodorata/Desktop/LM34/src/test/java/it/polimi/ingsw/LM34/Model/Boards/GameBoard/TowerSlotTest.java
/Users/robertodorata/Desktop/LM34/src/test/java/it/polimi/ingsw/LM34/Controller/InteractivePlayerContexts/DiceDependentContexts/CouncilPalaceContextTest.java
/Users/robertodorata/Desktop/LM34/src/test/java/it/polimi/ingsw/LM34/Model/Effects/ResourceRelatedBonus/ResourcesBonusTest.java
/Users/robertodorata/Desktop/LM34/src/test/java/it/polimi/ingsw/LM34/Controller/InteractivePlayerContexts/DiceDependentContexts/ProductionAreaContextTest.java
/Users/robertodorata/Desktop/LM34/src/test/java/it/polimi/ingsw/LM34/Model/ResourcesTest.java
/Users/robertodorata/Desktop/LM34/src/test/java/it/polimi/ingsw/LM34/Model/Boards/GameBoard/TowerTest.java
/Users/robertodorata/Desktop/LM34/src/test/java/it/polimi/ingsw/LM34/Controller/InteractivePlayerContexts/SpecialContexts/ChurchReportContextTest.java
/Users/robertodorata/Desktop/LM34/src/test/java/it/polimi/ingsw/LM34/Controller/InteractivePlayerContexts/SpecialContexts/LeaderCardsContextTest.java
/Users/robertodorata/Desktop/LM34/src/test/java/it/polimi/ingsw/LM34/Controller/InteractivePlayerContexts/DiceDependentContexts/ActionSlotContextTest.java
/Users/robertodorata/Desktop/LM34/src/test/java/it/polimi/ingsw/LM34/Model/Effects/GameSpaceRelatedBonus/TowerSlotRelatedBonus/DevelopmentCardAcquireEffectTest.java
/Users/robertodorata/Desktop/LM34/src/test/java/it/polimi/ingsw/LM34/Controller/GameManagerTest.java
/Users/robertodorata/Desktop/LM34/src/test/java/it/polimi/ingsw/LM34/Controller/InteractivePlayerContexts/SpecialContexts/IncreasePawnsValueByServantsContextTest.java
/Users/robertodorata/Desktop/LM34/src/test/java/it/polimi/ingsw/LM34/Controller/ContextFactoryTest.java
/Users/robertodorata/Desktop/LM34/src/test/java/it/polimi/ingsw/LM34/Controller/AbstractGameContextTest.java
/Users/robertodorata/Desktop/LM34/src/test/java/it/polimi/ingsw/LM34/Model/Boards/GameBoard/ActionSlotTest.java
/Users/robertodorata/Desktop/LM34/src/test/java/it/polimi/ingsw/LM34/Controller/InteractivePlayerContexts/SpecialContexts/TurnContextTest.java
